section      size   addr
TYPE           10      0
FUNCTION        3      0
EXPORT          9      0
CODE           11      0
JS		11717	0
Total		11750