success
n: 8
name: tmp
name: proc
name: nocanread
name: home
name: foobar
name: dev
name: ..
name: .
